  Apple.cpp
  Game.cpp
  Player.cpp
  Rock.cpp
  main.cpp
  Создание кода...
sfml-system-s-d.lib(Time.obj) : warning LNK4099: "sfml-system-s.pdb" PDB не найден с "sfml-system-s-d.lib(Time.obj)" или на "C:\Users\shmap\Desktop\УЧЕБА\game\x64\Debug\sfml-system-s.pdb"; компоновка объекта выполняется как при отсутствии отладочных данных
sfml-system-s-d.lib(Clock.obj) : warning LNK4099: "sfml-system-s.pdb" PDB не найден с "sfml-system-s-d.lib(Clock.obj)" или на "C:\Users\shmap\Desktop\УЧЕБА\game\x64\Debug\sfml-system-s.pdb"; компоновка объекта выполняется как при отсутствии отладочных данных
sfml-system-s-d.lib(Sleep.obj) : warning LNK4099: "sfml-system-s.pdb" PDB не найден с "sfml-system-s-d.lib(Sleep.obj)" или на "C:\Users\shmap\Desktop\УЧЕБА\game\x64\Debug\sfml-system-s.pdb"; компоновка объекта выполняется как при отсутствии отладочных данных
sfml-system-s-d.lib(String.obj) : warning LNK4099: "sfml-system-s.pdb" PDB не найден с "sfml-system-s-d.lib(String.obj)" или на "C:\Users\shmap\Desktop\УЧЕБА\game\x64\Debug\sfml-system-s.pdb"; компоновка объекта выполняется как при отсутствии отладочных данных
sfml-system-s-d.lib(ClockImpl.obj) : warning LNK4099: "sfml-system-s.pdb" PDB не найден с "sfml-system-s-d.lib(ClockImpl.obj)" или на "C:\Users\shmap\Desktop\УЧЕБА\game\x64\Debug\sfml-system-s.pdb"; компоновка объекта выполняется как при отсутствии отладочных данных
sfml-system-s-d.lib(SleepImpl.obj) : warning LNK4099: "sfml-system-s.pdb" PDB не найден с "sfml-system-s-d.lib(SleepImpl.obj)" или на "C:\Users\shmap\Desktop\УЧЕБА\game\x64\Debug\sfml-system-s.pdb"; компоновка объекта выполняется как при отсутствии отладочных данных
sfml-system-s-d.lib(Mutex.obj) : warning LNK4099: "sfml-system-s.pdb" PDB не найден с "sfml-system-s-d.lib(Mutex.obj)" или на "C:\Users\shmap\Desktop\УЧЕБА\game\x64\Debug\sfml-system-s.pdb"; компоновка объекта выполняется как при отсутствии отладочных данных
sfml-system-s-d.lib(Lock.obj) : warning LNK4099: "sfml-system-s.pdb" PDB не найден с "sfml-system-s-d.lib(Lock.obj)" или на "C:\Users\shmap\Desktop\УЧЕБА\game\x64\Debug\sfml-system-s.pdb"; компоновка объекта выполняется как при отсутствии отладочных данных
sfml-system-s-d.lib(MutexImpl.obj) : warning LNK4099: "sfml-system-s.pdb" PDB не найден с "sfml-system-s-d.lib(MutexImpl.obj)" или на "C:\Users\shmap\Desktop\УЧЕБА\game\x64\Debug\sfml-system-s.pdb"; компоновка объекта выполняется как при отсутствии отладочных данных
sfml-window-s-d.lib(Keyboard.obj) : warning LNK4099: "sfml-window-s.pdb" PDB не найден с "sfml-window-s-d.lib(Keyboard.obj)" или на "C:\Users\shmap\Desktop\УЧЕБА\game\x64\Debug\sfml-window-s.pdb"; компоновка объекта выполняется как при отсутствии отладочных данных
sfml-window-s-d.lib(VideoMode.obj) : warning LNK4099: "sfml-window-s.pdb" PDB не найден с "sfml-window-s-d.lib(VideoMode.obj)" или на "C:\Users\shmap\Desktop\УЧЕБА\game\x64\Debug\sfml-window-s.pdb"; компоновка объекта выполняется как при отсутствии отладочных данных
sfml-window-s-d.lib(WindowBase.obj) : warning LNK4099: "sfml-window-s.pdb" PDB не найден с "sfml-window-s-d.lib(WindowBase.obj)" или на "C:\Users\shmap\Desktop\УЧЕБА\game\x64\Debug\sfml-window-s.pdb"; компоновка объекта выполняется как при отсутствии отладочных данных
sfml-window-s-d.lib(Window.obj) : warning LNK4099: "sfml-window-s.pdb" PDB не найден с "sfml-window-s-d.lib(Window.obj)" или на "C:\Users\shmap\Desktop\УЧЕБА\game\x64\Debug\sfml-window-s.pdb"; компоновка объекта выполняется как при отсутствии отладочных данных
sfml-window-s-d.lib(InputImpl.obj) : warning LNK4099: "sfml-window-s.pdb" PDB не найден с "sfml-window-s-d.lib(InputImpl.obj)" или на "C:\Users\shmap\Desktop\УЧЕБА\game\x64\Debug\sfml-window-s.pdb"; компоновка объекта выполняется как при отсутствии отладочных данных
sfml-window-s-d.lib(VideoModeImpl.obj) : warning LNK4099: "sfml-window-s.pdb" PDB не найден с "sfml-window-s-d.lib(VideoModeImpl.obj)" или на "C:\Users\shmap\Desktop\УЧЕБА\game\x64\Debug\sfml-window-s.pdb"; компоновка объекта выполняется как при отсутствии отладочных данных
sfml-window-s-d.lib(Cursor.obj) : warning LNK4099: "sfml-window-s.pdb" PDB не найден с "sfml-window-s-d.lib(Cursor.obj)" или на "C:\Users\shmap\Desktop\УЧЕБА\game\x64\Debug\sfml-window-s.pdb"; компоновка объекта выполняется как при отсутствии отладочных данных
sfml-window-s-d.lib(WindowImpl.obj) : warning LNK4099: "sfml-window-s.pdb" PDB не найден с "sfml-window-s-d.lib(WindowImpl.obj)" или на "C:\Users\shmap\Desktop\УЧЕБА\game\x64\Debug\sfml-window-s.pdb"; компоновка объекта выполняется как при отсутствии отладочных данных
sfml-window-s-d.lib(GlResource.obj) : warning LNK4099: "sfml-window-s.pdb" PDB не найден с "sfml-window-s-d.lib(GlResource.obj)" или на "C:\Users\shmap\Desktop\УЧЕБА\game\x64\Debug\sfml-window-s.pdb"; компоновка объекта выполняется как при отсутствии отладочных данных
sfml-window-s-d.lib(GlContext.obj) : warning LNK4099: "sfml-window-s.pdb" PDB не найден с "sfml-window-s-d.lib(GlContext.obj)" или на "C:\Users\shmap\Desktop\УЧЕБА\game\x64\Debug\sfml-window-s.pdb"; компоновка объекта выполняется как при отсутствии отладочных данных
sfml-window-s-d.lib(CursorImpl.obj) : warning LNK4099: "sfml-window-s.pdb" PDB не найден с "sfml-window-s-d.lib(CursorImpl.obj)" или на "C:\Users\shmap\Desktop\УЧЕБА\game\x64\Debug\sfml-window-s.pdb"; компоновка объекта выполняется как при отсутствии отладочных данных
sfml-window-s-d.lib(JoystickManager.obj) : warning LNK4099: "sfml-window-s.pdb" PDB не найден с "sfml-window-s-d.lib(JoystickManager.obj)" или на "C:\Users\shmap\Desktop\УЧЕБА\game\x64\Debug\sfml-window-s.pdb"; компоновка объекта выполняется как при отсутствии отладочных данных
sfml-window-s-d.lib(SensorManager.obj) : warning LNK4099: "sfml-window-s.pdb" PDB не найден с "sfml-window-s-d.lib(SensorManager.obj)" или на "C:\Users\shmap\Desktop\УЧЕБА\game\x64\Debug\sfml-window-s.pdb"; компоновка объекта выполняется как при отсутствии отладочных данных
sfml-window-s-d.lib(WindowImplWin32.obj) : warning LNK4099: "sfml-window-s.pdb" PDB не найден с "sfml-window-s-d.lib(WindowImplWin32.obj)" или на "C:\Users\shmap\Desktop\УЧЕБА\game\x64\Debug\sfml-window-s.pdb"; компоновка объекта выполняется как при отсутствии отладочных данных
sfml-window-s-d.lib(VulkanImplWin32.obj) : warning LNK4099: "sfml-window-s.pdb" PDB не найден с "sfml-window-s-d.lib(VulkanImplWin32.obj)" или на "C:\Users\shmap\Desktop\УЧЕБА\game\x64\Debug\sfml-window-s.pdb"; компоновка объекта выполняется как при отсутствии отладочных данных
sfml-window-s-d.lib(Context.obj) : warning LNK4099: "sfml-window-s.pdb" PDB не найден с "sfml-window-s-d.lib(Context.obj)" или на "C:\Users\shmap\Desktop\УЧЕБА\game\x64\Debug\sfml-window-s.pdb"; компоновка объекта выполняется как при отсутствии отладочных данных
sfml-window-s-d.lib(WglContext.obj) : warning LNK4099: "sfml-window-s.pdb" PDB не найден с "sfml-window-s-d.lib(WglContext.obj)" или на "C:\Users\shmap\Desktop\УЧЕБА\game\x64\Debug\sfml-window-s.pdb"; компоновка объекта выполняется как при отсутствии отладочных данных
sfml-window-s-d.lib(Joystick.obj) : warning LNK4099: "sfml-window-s.pdb" PDB не найден с "sfml-window-s-d.lib(Joystick.obj)" или на "C:\Users\shmap\Desktop\УЧЕБА\game\x64\Debug\sfml-window-s.pdb"; компоновка объекта выполняется как при отсутствии отладочных данных
sfml-window-s-d.lib(JoystickImpl.obj) : warning LNK4099: "sfml-window-s.pdb" PDB не найден с "sfml-window-s-d.lib(JoystickImpl.obj)" или на "C:\Users\shmap\Desktop\УЧЕБА\game\x64\Debug\sfml-window-s.pdb"; компоновка объекта выполняется как при отсутствии отладочных данных
sfml-window-s-d.lib(SensorImpl.obj) : warning LNK4099: "sfml-window-s.pdb" PDB не найден с "sfml-window-s-d.lib(SensorImpl.obj)" или на "C:\Users\shmap\Desktop\УЧЕБА\game\x64\Debug\sfml-window-s.pdb"; компоновка объекта выполняется как при отсутствии отладочных данных
sfml-graphics-s-d.lib(Transformable.obj) : warning LNK4099: "sfml-graphics-s.pdb" PDB не найден с "sfml-graphics-s-d.lib(Transformable.obj)" или на "C:\Users\shmap\Desktop\УЧЕБА\game\x64\Debug\sfml-graphics-s.pdb"; компоновка объекта выполняется как при отсутствии отладочных данных
sfml-graphics-s-d.lib(RenderTarget.obj) : warning LNK4099: "sfml-graphics-s.pdb" PDB не найден с "sfml-graphics-s-d.lib(RenderTarget.obj)" или на "C:\Users\shmap\Desktop\УЧЕБА\game\x64\Debug\sfml-graphics-s.pdb"; компоновка объекта выполняется как при отсутствии отладочных данных
sfml-graphics-s-d.lib(Sprite.obj) : warning LNK4099: "sfml-graphics-s.pdb" PDB не найден с "sfml-graphics-s-d.lib(Sprite.obj)" или на "C:\Users\shmap\Desktop\УЧЕБА\game\x64\Debug\sfml-graphics-s.pdb"; компоновка объекта выполняется как при отсутствии отладочных данных
sfml-graphics-s-d.lib(RenderStates.obj) : warning LNK4099: "sfml-graphics-s.pdb" PDB не найден с "sfml-graphics-s-d.lib(RenderStates.obj)" или на "C:\Users\shmap\Desktop\УЧЕБА\game\x64\Debug\sfml-graphics-s.pdb"; компоновка объекта выполняется как при отсутствии отладочных данных
sfml-graphics-s-d.lib(Shape.obj) : warning LNK4099: "sfml-graphics-s.pdb" PDB не найден с "sfml-graphics-s-d.lib(Shape.obj)" или на "C:\Users\shmap\Desktop\УЧЕБА\game\x64\Debug\sfml-graphics-s.pdb"; компоновка объекта выполняется как при отсутствии отладочных данных
sfml-graphics-s-d.lib(Texture.obj) : warning LNK4099: "sfml-graphics-s.pdb" PDB не найден с "sfml-graphics-s-d.lib(Texture.obj)" или на "C:\Users\shmap\Desktop\УЧЕБА\game\x64\Debug\sfml-graphics-s.pdb"; компоновка объекта выполняется как при отсутствии отладочных данных
sfml-graphics-s-d.lib(RectangleShape.obj) : warning LNK4099: "sfml-graphics-s.pdb" PDB не найден с "sfml-graphics-s-d.lib(RectangleShape.obj)" или на "C:\Users\shmap\Desktop\УЧЕБА\game\x64\Debug\sfml-graphics-s.pdb"; компоновка объекта выполняется как при отсутствии отладочных данных
sfml-graphics-s-d.lib(Color.obj) : warning LNK4099: "sfml-graphics-s.pdb" PDB не найден с "sfml-graphics-s-d.lib(Color.obj)" или на "C:\Users\shmap\Desktop\УЧЕБА\game\x64\Debug\sfml-graphics-s.pdb"; компоновка объекта выполняется как при отсутствии отладочных данных
sfml-graphics-s-d.lib(RenderWindow.obj) : warning LNK4099: "sfml-graphics-s.pdb" PDB не найден с "sfml-graphics-s-d.lib(RenderWindow.obj)" или на "C:\Users\shmap\Desktop\УЧЕБА\game\x64\Debug\sfml-graphics-s.pdb"; компоновка объекта выполняется как при отсутствии отладочных данных
sfml-graphics-s-d.lib(Transform.obj) : warning LNK4099: "sfml-graphics-s.pdb" PDB не найден с "sfml-graphics-s-d.lib(Transform.obj)" или на "C:\Users\shmap\Desktop\УЧЕБА\game\x64\Debug\sfml-graphics-s.pdb"; компоновка объекта выполняется как при отсутствии отладочных данных
sfml-graphics-s-d.lib(View.obj) : warning LNK4099: "sfml-graphics-s.pdb" PDB не найден с "sfml-graphics-s-d.lib(View.obj)" или на "C:\Users\shmap\Desktop\УЧЕБА\game\x64\Debug\sfml-graphics-s.pdb"; компоновка объекта выполняется как при отсутствии отладочных данных
sfml-graphics-s-d.lib(BlendMode.obj) : warning LNK4099: "sfml-graphics-s.pdb" PDB не найден с "sfml-graphics-s-d.lib(BlendMode.obj)" или на "C:\Users\shmap\Desktop\УЧЕБА\game\x64\Debug\sfml-graphics-s.pdb"; компоновка объекта выполняется как при отсутствии отладочных данных
sfml-graphics-s-d.lib(Vertex.obj) : warning LNK4099: "sfml-graphics-s.pdb" PDB не найден с "sfml-graphics-s-d.lib(Vertex.obj)" или на "C:\Users\shmap\Desktop\УЧЕБА\game\x64\Debug\sfml-graphics-s.pdb"; компоновка объекта выполняется как при отсутствии отладочных данных
sfml-graphics-s-d.lib(Shader.obj) : warning LNK4099: "sfml-graphics-s.pdb" PDB не найден с "sfml-graphics-s-d.lib(Shader.obj)" или на "C:\Users\shmap\Desktop\УЧЕБА\game\x64\Debug\sfml-graphics-s.pdb"; компоновка объекта выполняется как при отсутствии отладочных данных
sfml-graphics-s-d.lib(VertexBuffer.obj) : warning LNK4099: "sfml-graphics-s.pdb" PDB не найден с "sfml-graphics-s-d.lib(VertexBuffer.obj)" или на "C:\Users\shmap\Desktop\УЧЕБА\game\x64\Debug\sfml-graphics-s.pdb"; компоновка объекта выполняется как при отсутствии отладочных данных
sfml-graphics-s-d.lib(GLExtensions.obj) : warning LNK4099: "sfml-graphics-s.pdb" PDB не найден с "sfml-graphics-s-d.lib(GLExtensions.obj)" или на "C:\Users\shmap\Desktop\УЧЕБА\game\x64\Debug\sfml-graphics-s.pdb"; компоновка объекта выполняется как при отсутствии отладочных данных
sfml-graphics-s-d.lib(GLCheck.obj) : warning LNK4099: "sfml-graphics-s.pdb" PDB не найден с "sfml-graphics-s-d.lib(GLCheck.obj)" или на "C:\Users\shmap\Desktop\УЧЕБА\game\x64\Debug\sfml-graphics-s.pdb"; компоновка объекта выполняется как при отсутствии отладочных данных
sfml-graphics-s-d.lib(VertexArray.obj) : warning LNK4099: "sfml-graphics-s.pdb" PDB не найден с "sfml-graphics-s-d.lib(VertexArray.obj)" или на "C:\Users\shmap\Desktop\УЧЕБА\game\x64\Debug\sfml-graphics-s.pdb"; компоновка объекта выполняется как при отсутствии отладочных данных
sfml-graphics-s-d.lib(Image.obj) : warning LNK4099: "sfml-graphics-s.pdb" PDB не найден с "sfml-graphics-s-d.lib(Image.obj)" или на "C:\Users\shmap\Desktop\УЧЕБА\game\x64\Debug\sfml-graphics-s.pdb"; компоновка объекта выполняется как при отсутствии отладочных данных
sfml-graphics-s-d.lib(TextureSaver.obj) : warning LNK4099: "sfml-graphics-s.pdb" PDB не найден с "sfml-graphics-s-d.lib(TextureSaver.obj)" или на "C:\Users\shmap\Desktop\УЧЕБА\game\x64\Debug\sfml-graphics-s.pdb"; компоновка объекта выполняется как при отсутствии отладочных данных
sfml-graphics-s-d.lib(RenderTextureImplFBO.obj) : warning LNK4099: "sfml-graphics-s.pdb" PDB не найден с "sfml-graphics-s-d.lib(RenderTextureImplFBO.obj)" или на "C:\Users\shmap\Desktop\УЧЕБА\game\x64\Debug\sfml-graphics-s.pdb"; компоновка объекта выполняется как при отсутствии отладочных данных
sfml-graphics-s-d.lib(Glsl.obj) : warning LNK4099: "sfml-graphics-s.pdb" PDB не найден с "sfml-graphics-s-d.lib(Glsl.obj)" или на "C:\Users\shmap\Desktop\УЧЕБА\game\x64\Debug\sfml-graphics-s.pdb"; компоновка объекта выполняется как при отсутствии отладочных данных
sfml-graphics-s-d.lib(ImageLoader.obj) : warning LNK4099: "sfml-graphics-s.pdb" PDB не найден с "sfml-graphics-s-d.lib(ImageLoader.obj)" или на "C:\Users\shmap\Desktop\УЧЕБА\game\x64\Debug\sfml-graphics-s.pdb"; компоновка объекта выполняется как при отсутствии отладочных данных
sfml-graphics-s-d.lib(RenderTextureImpl.obj) : warning LNK4099: "sfml-graphics-s.pdb" PDB не найден с "sfml-graphics-s-d.lib(RenderTextureImpl.obj)" или на "C:\Users\shmap\Desktop\УЧЕБА\game\x64\Debug\sfml-graphics-s.pdb"; компоновка объекта выполняется как при отсутствии отладочных данных
sfml-audio-s-d.lib(Sound.obj) : warning LNK4099: "sfml-audio-s.pdb" PDB не найден с "sfml-audio-s-d.lib(Sound.obj)" или на "C:\Users\shmap\Desktop\УЧЕБА\game\x64\Debug\sfml-audio-s.pdb"; компоновка объекта выполняется как при отсутствии отладочных данных
sfml-audio-s-d.lib(SoundBuffer.obj) : warning LNK4099: "sfml-audio-s.pdb" PDB не найден с "sfml-audio-s-d.lib(SoundBuffer.obj)" или на "C:\Users\shmap\Desktop\УЧЕБА\game\x64\Debug\sfml-audio-s.pdb"; компоновка объекта выполняется как при отсутствии отладочных данных
sfml-audio-s-d.lib(SoundSource.obj) : warning LNK4099: "sfml-audio-s.pdb" PDB не найден с "sfml-audio-s-d.lib(SoundSource.obj)" или на "C:\Users\shmap\Desktop\УЧЕБА\game\x64\Debug\sfml-audio-s.pdb"; компоновка объекта выполняется как при отсутствии отладочных данных
sfml-audio-s-d.lib(ALCheck.obj) : warning LNK4099: "sfml-audio-s.pdb" PDB не найден с "sfml-audio-s-d.lib(ALCheck.obj)" или на "C:\Users\shmap\Desktop\УЧЕБА\game\x64\Debug\sfml-audio-s.pdb"; компоновка объекта выполняется как при отсутствии отладочных данных
sfml-audio-s-d.lib(AlResource.obj) : warning LNK4099: "sfml-audio-s.pdb" PDB не найден с "sfml-audio-s-d.lib(AlResource.obj)" или на "C:\Users\shmap\Desktop\УЧЕБА\game\x64\Debug\sfml-audio-s.pdb"; компоновка объекта выполняется как при отсутствии отладочных данных
sfml-audio-s-d.lib(InputSoundFile.obj) : warning LNK4099: "sfml-audio-s.pdb" PDB не найден с "sfml-audio-s-d.lib(InputSoundFile.obj)" или на "C:\Users\shmap\Desktop\УЧЕБА\game\x64\Debug\sfml-audio-s.pdb"; компоновка объекта выполняется как при отсутствии отладочных данных
sfml-audio-s-d.lib(OutputSoundFile.obj) : warning LNK4099: "sfml-audio-s.pdb" PDB не найден с "sfml-audio-s-d.lib(OutputSoundFile.obj)" или на "C:\Users\shmap\Desktop\УЧЕБА\game\x64\Debug\sfml-audio-s.pdb"; компоновка объекта выполняется как при отсутствии отладочных данных
sfml-audio-s-d.lib(AudioDevice.obj) : warning LNK4099: "sfml-audio-s.pdb" PDB не найден с "sfml-audio-s-d.lib(AudioDevice.obj)" или на "C:\Users\shmap\Desktop\УЧЕБА\game\x64\Debug\sfml-audio-s.pdb"; компоновка объекта выполняется как при отсутствии отладочных данных
sfml-audio-s-d.lib(SoundFileFactory.obj) : warning LNK4099: "sfml-audio-s.pdb" PDB не найден с "sfml-audio-s-d.lib(SoundFileFactory.obj)" или на "C:\Users\shmap\Desktop\УЧЕБА\game\x64\Debug\sfml-audio-s.pdb"; компоновка объекта выполняется как при отсутствии отладочных данных
sfml-audio-s-d.lib(SoundFileReaderFlac.obj) : warning LNK4099: "sfml-audio-s.pdb" PDB не найден с "sfml-audio-s-d.lib(SoundFileReaderFlac.obj)" или на "C:\Users\shmap\Desktop\УЧЕБА\game\x64\Debug\sfml-audio-s.pdb"; компоновка объекта выполняется как при отсутствии отладочных данных
sfml-audio-s-d.lib(SoundFileWriterFlac.obj) : warning LNK4099: "sfml-audio-s.pdb" PDB не найден с "sfml-audio-s-d.lib(SoundFileWriterFlac.obj)" или на "C:\Users\shmap\Desktop\УЧЕБА\game\x64\Debug\sfml-audio-s.pdb"; компоновка объекта выполняется как при отсутствии отладочных данных
sfml-audio-s-d.lib(SoundFileReaderMp3.obj) : warning LNK4099: "sfml-audio-s.pdb" PDB не найден с "sfml-audio-s-d.lib(SoundFileReaderMp3.obj)" или на "C:\Users\shmap\Desktop\УЧЕБА\game\x64\Debug\sfml-audio-s.pdb"; компоновка объекта выполняется как при отсутствии отладочных данных
sfml-audio-s-d.lib(SoundFileReaderOgg.obj) : warning LNK4099: "sfml-audio-s.pdb" PDB не найден с "sfml-audio-s-d.lib(SoundFileReaderOgg.obj)" или на "C:\Users\shmap\Desktop\УЧЕБА\game\x64\Debug\sfml-audio-s.pdb"; компоновка объекта выполняется как при отсутствии отладочных данных
sfml-audio-s-d.lib(SoundFileWriterOgg.obj) : warning LNK4099: "sfml-audio-s.pdb" PDB не найден с "sfml-audio-s-d.lib(SoundFileWriterOgg.obj)" или на "C:\Users\shmap\Desktop\УЧЕБА\game\x64\Debug\sfml-audio-s.pdb"; компоновка объекта выполняется как при отсутствии отладочных данных
sfml-audio-s-d.lib(SoundFileReaderWav.obj) : warning LNK4099: "sfml-audio-s.pdb" PDB не найден с "sfml-audio-s-d.lib(SoundFileReaderWav.obj)" или на "C:\Users\shmap\Desktop\УЧЕБА\game\x64\Debug\sfml-audio-s.pdb"; компоновка объекта выполняется как при отсутствии отладочных данных
sfml-audio-s-d.lib(SoundFileWriterWav.obj) : warning LNK4099: "sfml-audio-s.pdb" PDB не найден с "sfml-audio-s-d.lib(SoundFileWriterWav.obj)" или на "C:\Users\shmap\Desktop\УЧЕБА\game\x64\Debug\sfml-audio-s.pdb"; компоновка объекта выполняется как при отсутствии отладочных данных
sfml-system-s-d.lib(Err.obj) : warning LNK4099: "sfml-system-s.pdb" PDB не найден с "sfml-system-s-d.lib(Err.obj)" или на "C:\Users\shmap\Desktop\УЧЕБА\game\x64\Debug\sfml-system-s.pdb"; компоновка объекта выполняется как при отсутствии отладочных данных
sfml-system-s-d.lib(ThreadLocal.obj) : warning LNK4099: "sfml-system-s.pdb" PDB не найден с "sfml-system-s-d.lib(ThreadLocal.obj)" или на "C:\Users\shmap\Desktop\УЧЕБА\game\x64\Debug\sfml-system-s.pdb"; компоновка объекта выполняется как при отсутствии отладочных данных
sfml-system-s-d.lib(FileInputStream.obj) : warning LNK4099: "sfml-system-s.pdb" PDB не найден с "sfml-system-s-d.lib(FileInputStream.obj)" или на "C:\Users\shmap\Desktop\УЧЕБА\game\x64\Debug\sfml-system-s.pdb"; компоновка объекта выполняется как при отсутствии отладочных данных
sfml-system-s-d.lib(MemoryInputStream.obj) : warning LNK4099: "sfml-system-s.pdb" PDB не найден с "sfml-system-s-d.lib(MemoryInputStream.obj)" или на "C:\Users\shmap\Desktop\УЧЕБА\game\x64\Debug\sfml-system-s.pdb"; компоновка объекта выполняется как при отсутствии отладочных данных
sfml-system-s-d.lib(ThreadLocalImpl.obj) : warning LNK4099: "sfml-system-s.pdb" PDB не найден с "sfml-system-s-d.lib(ThreadLocalImpl.obj)" или на "C:\Users\shmap\Desktop\УЧЕБА\game\x64\Debug\sfml-system-s.pdb"; компоновка объекта выполняется как при отсутствии отладочных данных
  game.vcxproj -> C:\Users\shmap\Desktop\УЧЕБА\game\x64\Debug\game.exe
